[1] file test.adb line 10 assertion: FAILURE
VERIFICATION FAILED
