[assertion.1] file private_dec_array.adb line 5 Ada Check assertion: SUCCESS
VERIFICATION SUCCESSFUL
