[case_statement.assertion.1] line 16 assertion : SUCCESS
[case_statement.assertion.2] line 17 assertion : SUCCESS
VERIFICATION SUCCESSFUL
