[ifthenelse.assertion.1] line 11 assertion : SUCCESS
VERIFICATION SUCCESSFUL
