[op_or_example.assertion.1] line 11 assertion : SUCCESS
[op_or_example.assertion.2] line 15 assertion : SUCCESS
[op_or_example.assertion.3] line 16 assertion : FAILURE
VERIFICATION FAILED
