[precondition_instance.1] file <internal> memcpy src/dst overlap: SUCCESS
[precondition_instance.10] file <internal> memcpy src/dst overlap: SUCCESS
[precondition_instance.11] file <internal> memcpy source region readable: SUCCESS
[precondition_instance.12] file <internal> memcpy destination region writeable: SUCCESS
[precondition_instance.13] file <internal> memcpy src/dst overlap: SUCCESS
[precondition_instance.14] file <internal> memcpy source region readable: SUCCESS
[precondition_instance.15] file <internal> memcpy destination region writeable: SUCCESS
[precondition_instance.16] file <internal> memcpy src/dst overlap: SUCCESS
[precondition_instance.17] file <internal> memcpy source region readable: SUCCESS
[precondition_instance.18] file <internal> memcpy destination region writeable: SUCCESS
[precondition_instance.2] file <internal> memcpy source region readable: SUCCESS
[precondition_instance.3] file <internal> memcpy destination region writeable: SUCCESS
[precondition_instance.4] file <internal> memcpy src/dst overlap: SUCCESS
[precondition_instance.5] file <internal> memcpy source region readable: SUCCESS
[precondition_instance.6] file <internal> memcpy destination region writeable: SUCCESS
[precondition_instance.7] file <internal> memcpy src/dst overlap: SUCCESS
[precondition_instance.8] file <internal> memcpy source region readable: SUCCESS
[precondition_instance.9] file <internal> memcpy destination region writeable: SUCCESS
[1] file arrays_attributes_static.adb line 16 assertion: SUCCESS
[2] file arrays_attributes_static.adb line 17 assertion: SUCCESS
VERIFICATION SUCCESSFUL
