[func_args.assertion.1] line 15 assertion : SUCCESS
[func_args.assertion.2] line 16 assertion : SUCCESS
[func_args.assertion.3] line 17 assertion : SUCCESS
[func_args.assertion.4] line 18 assertion : FAILURE
VERIFICATION FAILED
