[enum_out.assertion.1] line 13 assertion : SUCCESS
VERIFICATION SUCCESSFUL
