[enum.assertion.1] line 8 assertion : SUCCESS
[enum.assertion.2] line 10 assertion : SUCCESS
[enum.assertion.3] line 12 assertion : SUCCESS
[enum.assertion.4] line 14 assertion : FAILURE
VERIFICATION FAILED
