[assertion.1] file test.adb line 23 Range Check: SUCCESS
[1] file test.adb line 31 assertion: SUCCESS
VERIFICATION SUCCESSFUL
