Standard_Output from gnat2goto extra_package:
----------At: Do_Withed_Unit_Spec----------
----------This type of library_unit is not yet handled----------
N_Generic_Package_Declaration (Node_Id=2351) (source,analyzed)
 Rewritten: original node = N_Generic_Package_Declaration (Node_Id=2404)
 Parent = N_Compilation_Unit (Node_Id=2340)
 Sloc = 16384  generic_package.ads:1:1
 Specification = N_Package_Specification (Node_Id=2375)
 Generic_Formal_Declarations = List (List_Id=-99999963)
----------At: Process_Declaration----------
----------Generic instantiation declaration----------
N_Package_Instantiation (Node_Id=2275) (source,analyzed)
 Sloc = 8460  extra_package.adb:10:4
 Defining_Unit_Name = N_Defining_Identifier "renamed_package" (Entity_Id=2267)
 Name = N_Identifier "generic_package" (Node_Id=2274)
 Generic_Associations = List (List_Id=-99999983)
 Instance_Spec = N_Package_Declaration (Node_Id=2496)

Error from cbmc extra_package:
SUPPORT FUNCTION GENERATION ERROR

ERROR code  6 returned by cbmc when processing extra_package

