[assertion.1] file test.adb line 6 Range Check: SUCCESS
[test.assertion.1] line 7 assertion : SUCCESS
VERIFICATION SUCCESSFUL
