[character_literal_wide.assertion.1] line 5 assertion : FAILURE
[character_literal_wide.assertion.2] line 6 assertion : SUCCESS
VERIFICATION FAILED
