[boolean_type.assertion.1] line 5 assertion A: SUCCESS
[boolean_type.assertion.2] line 6 assertion B: FAILURE
[boolean_type.assertion.3] line 7 assertion True: SUCCESS
[boolean_type.assertion.4] line 8 assertion False: FAILURE
VERIFICATION FAILED
