[check_size_mod.assertion.1] line 17 assertion : SUCCESS
[check_size_mod.assertion.2] line 18 assertion : SUCCESS
VERIFICATION SUCCESSFUL
