[precondition_instance.1] file <internal> memcpy src/dst overlap: SUCCESS
[precondition_instance.2] file <internal> memcpy source region readable: SUCCESS
[precondition_instance.3] file <internal> memcpy destination region writeable: SUCCESS
[assertion.1] file test.adb line 7 Ada Check assertion: SUCCESS
[test.assertion.1] line 7 assertion Array_Value(Two) = 2: SUCCESS
VERIFICATION SUCCESSFUL
