Standard_Error from gnat2goto pragmas:
pragmas.adb:2:04: warning: variable "i" is read but never assigned

[pragmas.assertion.1] line 11 assertion : SUCCESS
[pragmas.assertion.2] line 12 assertion : FAILURE
VERIFICATION FAILED
