[sum_plus_three.assertion.1] line 12 assertion : SUCCESS
[statement_block.assertion.1] line 30 assertion : SUCCESS
[statement_block.assertion.2] line 35 assertion : SUCCESS
[statement_block.assertion.3] line 45 assertion : SUCCESS
VERIFICATION SUCCESSFUL
