[assert_val.assertion.1] line 6 assertion : SUCCESS
[assert_val.assertion.2] line 8 assertion : SUCCESS
[assert_val.assertion.3] line 9 assertion : SUCCESS
[assert_val.assertion.4] line 11 assertion : SUCCESS
[assert_val.assertion.5] line 12 assertion : SUCCESS
[assert_val.assertion.6] line 13 assertion : SUCCESS
[assert_val.assertion.7] line 14 assertion : SUCCESS
[assert_val.assertion.8] line 15 assertion : SUCCESS
[assert_val.assertion.9] line 16 assertion : SUCCESS
[assert_val.assertion.10] line 17 assertion : SUCCESS
[assert_val.assertion.11] line 18 assertion : SUCCESS
[assert_val.assertion.12] line 19 assertion : SUCCESS
[assert_val.assertion.13] line 20 assertion : SUCCESS
[assert_val.assertion.14] line 21 assertion : SUCCESS
[assert_val.assertion.15] line 22 assertion : SUCCESS
[assert_val.assertion.16] line 23 assertion : SUCCESS
[assert_val.assertion.17] line 24 assertion : SUCCESS
[assert_val.assertion.18] line 26 assertion : SUCCESS
[assert_val.assertion.19] line 28 assertion : SUCCESS
VERIFICATION SUCCESSFUL
