[declaration_rename.assertion.1] line 28 assertion : SUCCESS
[declaration_rename.assertion.2] line 29 assertion : SUCCESS
[declaration_rename.assertion.3] line 30 assertion : SUCCESS
[declaration_rename.assertion.4] line 31 assertion : SUCCESS
VERIFICATION SUCCESSFUL
