[assertion.1] file int_overflow.adb line 5 Ada Check assertion: FAILURE
VERIFICATION FAILED
