Error from cbmc test:
**** WARNING: no body for function lib__a

VERIFICATION SUCCESSFUL
