[assertion.1] file pragma_machine_attribute.adb line 12 Ada Check assertion: SUCCESS
[pragma_machine_attribute.assertion.1] line 21 assertion Timeout and Interval = Seconds_Count: SUCCESS
VERIFICATION SUCCESSFUL
