[case_expression_range.assertion.1] line 10 assertion Result = 1: SUCCESS
[case_expression_range.assertion.2] line 11 assertion Result /= 3: SUCCESS
VERIFICATION SUCCESSFUL
