[divide.assertion.1] line 4 assertion : SUCCESS
[divide.assertion.2] line 6 assertion : SUCCESS
[divide.assertion.3] line 8 assertion : FAILURE
VERIFICATION FAILED
