Standard_Error from gnat2goto not_op:
not_op.adb:2:03: warning: variable "x" is read but never assigned

[not_op.assertion.1] line 4 assertion not x /= x: SUCCESS
[not_op.assertion.2] line 5 assertion not (not x) = x: SUCCESS
VERIFICATION SUCCESSFUL
