[case_expression_or.assertion.1] line 11 assertion : SUCCESS
[case_expression_or.assertion.2] line 12 assertion : SUCCESS
VERIFICATION SUCCESSFUL
