[floating_point_constant.assertion.1] line 11 assertion : SUCCESS
[floating_point_constant.assertion.2] line 15 assertion : SUCCESS
VERIFICATION SUCCESSFUL
