[test.assertion.1] line 5 assertion Six ** 1 = 6: SUCCESS
[test.assertion.2] line 6 assertion Six ** 2 = 10: SUCCESS
[test.assertion.3] line 7 assertion Six ** 3 = 8: SUCCESS
[test.assertion.4] line 8 assertion Six ** 4 = 9: SUCCESS
[test.assertion.5] line 9 assertion Six ** 5 = 2: SUCCESS
[test.assertion.6] line 10 assertion Six ** 6 = 12: SUCCESS
[test.assertion.7] line 11 assertion Six ** 7 = 7: SUCCESS
[test.assertion.8] line 12 assertion Six ** 8 = 3: SUCCESS
[test.assertion.9] line 13 assertion Six ** 9 = 5: SUCCESS
[test.assertion.10] line 14 assertion Six ** 10 = 4: SUCCESS
[test.assertion.11] line 15 assertion Six ** 11 = 11: SUCCESS
[test.assertion.12] line 16 assertion Six ** 12 = 1: SUCCESS
[test.assertion.13] line 17 assertion Six ** 13 = 6: SUCCESS
VERIFICATION SUCCESSFUL
