[attributes_discrete.assertion.1] line 7 assertion : FAILURE
[attributes_discrete.assertion.2] line 8 assertion : SUCCESS
[attributes_discrete.assertion.3] line 9 assertion : SUCCESS
[attributes_discrete.assertion.4] line 11 assertion : SUCCESS
[attributes_discrete.assertion.5] line 12 assertion : SUCCESS
[attributes_discrete.assertion.6] line 13 assertion : SUCCESS
[attributes_discrete.assertion.7] line 15 assertion : SUCCESS
[attributes_discrete.assertion.8] line 16 assertion : SUCCESS
[attributes_discrete.assertion.9] line 17 assertion : SUCCESS
[attributes_discrete.assertion.10] line 18 assertion : SUCCESS
VERIFICATION FAILED
