[subtyp.assertion.1] line 7 assertion X = 3: SUCCESS
VERIFICATION SUCCESSFUL
